------------------------------------------------------------
TimeQuest Timing Analyzer Summary
------------------------------------------------------------

Type  : Slow 1200mV 85C Model Setup 'pll_clk_inst|altpll_component|auto_generated|pll1|clk[1]'
Slack : 34.053
TNS   : 0.000

Type  : Slow 1200mV 85C Model Hold 'pll_clk_inst|altpll_component|auto_generated|pll1|clk[1]'
Slack : 0.403
TNS   : 0.000

Type  : Slow 1200mV 85C Model Minimum Pulse Width 'CLOCK_50'
Slack : 9.819
TNS   : 0.000

Type  : Slow 1200mV 85C Model Minimum Pulse Width 'pll_clk_inst|altpll_component|auto_generated|pll1|clk[1]'
Slack : 19.709
TNS   : 0.000

Type  : Slow 1200mV 0C Model Setup 'pll_clk_inst|altpll_component|auto_generated|pll1|clk[1]'
Slack : 34.547
TNS   : 0.000

Type  : Slow 1200mV 0C Model Hold 'pll_clk_inst|altpll_component|auto_generated|pll1|clk[1]'
Slack : 0.355
TNS   : 0.000

Type  : Slow 1200mV 0C Model Minimum Pulse Width 'CLOCK_50'
Slack : 9.799
TNS   : 0.000

Type  : Slow 1200mV 0C Model Minimum Pulse Width 'pll_clk_inst|altpll_component|auto_generated|pll1|clk[1]'
Slack : 19.711
TNS   : 0.000

Type  : Fast 1200mV 0C Model Setup 'pll_clk_inst|altpll_component|auto_generated|pll1|clk[1]'
Slack : 37.134
TNS   : 0.000

Type  : Fast 1200mV 0C Model Hold 'pll_clk_inst|altpll_component|auto_generated|pll1|clk[1]'
Slack : 0.182
TNS   : 0.000

Type  : Fast 1200mV 0C Model Minimum Pulse Width 'CLOCK_50'
Slack : 9.400
TNS   : 0.000

Type  : Fast 1200mV 0C Model Minimum Pulse Width 'pll_clk_inst|altpll_component|auto_generated|pll1|clk[1]'
Slack : 19.782
TNS   : 0.000

------------------------------------------------------------
